<html>
<body>
<pre>
<h1>µVision Build Log</h1>
<h2>Project:</h2>
C:\Users\luigi\Desktop\Lab_ARM\LAB9\Ex1\sample.uvproj
Project File Date:  01/18/2019

<h2>Output:</h2>
Rebuild target 'Target 1'
assembling startup_LPC17xx.s...
compiling sample.c...
compiling core_cm3.c...
compiling system_LPC17xx.c...
compiling lib_led.c...
compiling funct_led.c...
compiling IRQ_button.c...
compiling lib_button.c...
linking...
Program Size: Code=1516 RO-data=236 RW-data=12 ZI-data=612  
".\sample.axf" - 0 Error(s), 0 Warning(s).
</pre>
</body>
</html>
ktop\\Lab_ARM\\LAB9\\Ex1\\sample.axf" 
Erase Done.
Programming Done.
Verify OK.
Load "C:\\Users\\luigi\\Desktop\\Lab_ARM\\LAB9\\Ex1\\sample.axf" 
Erase Done.
Programming Done.
Verify OK.
Load "C:\\Users\\luigi\\Desktop\\Lab_ARM\\LAB9\\Ex1\\sample.axf" 
Erase Done.
Programming Done.
Verify OK.
