<html>
<body>
<pre>
<h1>µVision Build Log</h1>
<h2>Project:</h2>
C:\Users\luigi\Downloads\Laboratorio 9\sample_led_button\sample.uvproj
Project File Date:  12/19/2018

<h2>Output:</h2>
Build target 'Target 1'
compiling sample.c...
linking...
Program Size: Code=1256 RO-data=236 RW-data=4 ZI-data=612  
".\sample.axf" - 0 Error(s), 0 Warning(s).
</pre>
</body>
</html>
error:  #20: identifier "i" is undefined
        for(int i = 0; i < 1000; i++);
button_EXINT\IRQ_button.c: 0 warnings, 2 errors
".\sample.axf" - 2 Error(s), 0 Warning(s).
Target not created
d 1 error messages.
".\sample.axf" - 1 Error(s), 1 Warning(s).
Target not created
