<html>
<body>
<pre>
<h1>µVision Build Log</h1>
<h2>Project:</h2>
C:\Users\luigi\Desktop\Lab_ARM\LAB10\sample.uvproj
Project File Date:  01/11/2019

<h2>Output:</h2>
Build target 'Target 1'
compiling IRQ_button.c...
linking...
Program Size: Code=2500 RO-data=236 RW-data=40 ZI-data=1632  
".\sample.axf" - 0 Error(s), 0 Warning(s).
Load "C:\\Users\\luigi\\Desktop\\Lab_ARM\\LAB10\\sample.axf" 
Erase Done.
Programming Done.
Verify OK.
</pre>
</body>
</html>
.
Program Size: Code=2500 RO-data=236 RW-data=40 ZI-data=1632  
".\sample.axf" - 0 Error(s), 0 Warning(s).
Load "C:\\Users\\luigi\\Desktop\\Lab_ARM\\LAB10\\sample.axf" 
Erase Done.
Programming Done.
Verify OK.
