<html>
<body>
<pre>
<h1>µVision Build Log</h1>
<h2>Project:</h2>
C:\Users\luigi\Desktop\Lab_ARM\sample_led_button_NVIC_timer\sample.uvproj
Project File Date:  01/11/2019

<h2>Output:</h2>
Build target 'Target 1'
compiling IRQ_timer.c...
linking...
Program Size: Code=2036 RO-data=236 RW-data=20 ZI-data=1628  
".\sample.axf" - 0 Error(s), 0 Warning(s).
</pre>
</body>
</html>
ng IRQ_button.c...
compiling lib_button.c...
compiling IRQ_timer.c...
compiling lib_timer.c...
linking...
Program Size: Code=2028 RO-data=236 RW-data=20 ZI-data=1628  
".\sample.axf" - 0 Error(s), 0 Warning(s).
s
compiling lib_timer.c...
linking...
Program Size: Code=1752 RO-data=236 RW-data=20 ZI-data=1628  
".\sample.axf" - 0 Error(s), 1 Warning(s).
Undefined symbol n (referred from irq_timer.o).
Not enough information to list image symbols.
Finished: 1 information, 0 warning and 2 error messages.
".\sample.axf" - 2 Error(s), 1 Warning(s).
Target not created
es.
".\sample.axf" - 3 Error(s), 1 Warning(s).
Target not created
