<html>
<body>
<pre>
<h1>µVision Build Log</h1>
<h2>Project:</h2>
C:\Users\luigi\Desktop\Lab_ARM\LAB9\Ex2\sample.uvproj
Project File Date:  12/26/2018

<h2>Output:</h2>
Build target 'Target 1'
linking...
Program Size: Code=1536 RO-data=236 RW-data=4 ZI-data=836  
".\sample.axf" - 0 Error(s), 0 Warning(s).
</pre>
</body>
</html>
ling funct_led.c...
compiling IRQ_button.c...
compiling lib_button.c...
linking...
Program Size: Code=1536 RO-data=236 RW-data=4 ZI-data=836  
".\sample.axf" - 0 Error(s), 0 Warning(s).
