<html>
<body>
<pre>
<h1>µVision Build Log</h1>
<h2>Project:</h2>
C:\Users\luigi\Desktop\Lab_ARM\LAB4\Ex1\Ex1.uvproj
Project File Date:  11/22/2018

<h2>Output:</h2>
Build target 'Target 1'
assembling startup_LPC17xx.s...
linking...
Program Size: Code=564 RO-data=204 RW-data=0 ZI-data=512  
".\Ex1.axf" - 0 Error(s), 0 Warning(s).
</pre>
</body>
</html>
 Shift option out of range, allowable values are from 1 to 32
".\Ex1.axf" - 2 Error(s), 0 Warning(s).
Target not created
Error: Could not load file 'C:\Users\luigi\Desktop\Lab_ARM\LAB4\Ex1\Ex1.axf'. Debugger aborted !
