ARM Linker, 5.03 [Build 76] [MDK-ARM Lite]

==============================================================================

Section Cross References

    startup_lpc17xx.o(RESET) refers to startup_lpc17xx.o(STACK) for __initial_sp
    startup_lpc17xx.o(RESET) refers to startup_lpc17xx.o(.text) for Reset_Handler
    startup_lpc17xx.o(.text) refers to startup_lpc17xx.o(myArea) for myArea_p
    startup_lpc17xx.o(.text) refers to startup_lpc17xx.o(HEAP) for Heap_Mem
    startup_lpc17xx.o(.text) refers to startup_lpc17xx.o(STACK) for Stack_Mem


==============================================================================

Image Symbol Table

    Local Symbols

    Symbol Name                              Value     Ov Type        Size  Object(Section)

    RESET                                    0x00000000   Section      204  startup_lpc17xx.o(RESET)
    startup_LPC17xx.s                        0x00000000   Number         0  startup_lpc17xx.o ABSOLUTE
    .text                                    0x000000cc   Section      104  startup_lpc17xx.o(.text)
    .ARM.__at_0x02FC                         0x000002fc   Section        4  startup_lpc17xx.o(.ARM.__at_0x02FC)
    HEAP                                     0x10000000   Section        0  startup_lpc17xx.o(HEAP)
    STACK                                    0x10000000   Section      512  startup_lpc17xx.o(STACK)
    Heap_Mem                                 0x10000000   Data           0  startup_lpc17xx.o(HEAP)
    Stack_Mem                                0x10000000   Data         512  startup_lpc17xx.o(STACK)
    myArea                                   0x10000200   Section       24  startup_lpc17xx.o(myArea)
    __initial_sp                             0x10000200   Data           0  startup_lpc17xx.o(STACK)
    myArea_p                                 0x10000218   Data           0  startup_lpc17xx.o(myArea)

    Global Symbols

    Symbol Name                              Value     Ov Type        Size  Object(Section)

    BuildAttributes$$THM_ISAv4$P$D$K$B$S$PE$A:L22UL41UL21$X:L11$S22US41US21$IEEE1$IW$USESV6$~STKCKD$USESV7$~SHL$OSPACE$EBA8$STANDARDLIB$PRES8$EABIv2 0x00000000   Number         0  anon$$obj.o ABSOLUTE
    __Vectors                                0x00000000   Data           4  startup_lpc17xx.o(RESET)
    Reset_Handler                            0x000000cd   Thumb Code    48  startup_lpc17xx.o(.text)
    NMI_Handler                              0x000000fd   Thumb Code     2  startup_lpc17xx.o(.text)
    HardFault_Handler                        0x000000ff   Thumb Code     2  startup_lpc17xx.o(.text)
    MemManage_Handler                        0x00000101   Thumb Code     2  startup_lpc17xx.o(.text)
    BusFault_Handler                         0x00000103   Thumb Code     2  startup_lpc17xx.o(.text)
    UsageFault_Handler                       0x00000105   Thumb Code     2  startup_lpc17xx.o(.text)
    SVC_Handler                              0x00000107   Thumb Code     2  startup_lpc17xx.o(.text)
    DebugMon_Handler                         0x00000109   Thumb Code     2  startup_lpc17xx.o(.text)
    PendSV_Handler                           0x0000010b   Thumb Code     2  startup_lpc17xx.o(.text)
    SysTick_Handler                          0x0000010d   Thumb Code     2  startup_lpc17xx.o(.text)
    ADC_IRQHandler                           0x0000010f   Thumb Code     0  startup_lpc17xx.o(.text)
    BOD_IRQHandler                           0x0000010f   Thumb Code     0  startup_lpc17xx.o(.text)
    CANActivity_IRQHandler                   0x0000010f   Thumb Code     0  startup_lpc17xx.o(.text)
    CAN_IRQHandler                           0x0000010f   Thumb Code     0  startup_lpc17xx.o(.text)
    DMA_IRQHandler                           0x0000010f   Thumb Code     0  startup_lpc17xx.o(.text)
    EINT0_IRQHandler                         0x0000010f   Thumb Code     0  startup_lpc17xx.o(.text)
    EINT1_IRQHandler                         0x0000010f   Thumb Code     0  startup_lpc17xx.o(.text)
    EINT2_IRQHandler                         0x0000010f   Thumb Code     0  startup_lpc17xx.o(.text)
    EINT3_IRQHandler                         0x0000010f   Thumb Code     0  startup_lpc17xx.o(.text)
    ENET_IRQHandler                          0x0000010f   Thumb Code     0  startup_lpc17xx.o(.text)
    I2C0_IRQHandler                          0x0000010f   Thumb Code     0  startup_lpc17xx.o(.text)
    I2C1_IRQHandler                          0x0000010f   Thumb Code     0  startup_lpc17xx.o(.text)
    I2C2_IRQHandler                          0x0000010f   Thumb Code     0  startup_lpc17xx.o(.text)
    I2S_IRQHandler                           0x0000010f   Thumb Code     0  startup_lpc17xx.o(.text)
    MCPWM_IRQHandler                         0x0000010f   Thumb Code     0  startup_lpc17xx.o(.text)
    PLL0_IRQHandler                          0x0000010f   Thumb Code     0  startup_lpc17xx.o(.text)
    PLL1_IRQHandler                          0x0000010f   Thumb Code     0  startup_lpc17xx.o(.text)
    PWM1_IRQHandler                          0x0000010f   Thumb Code     0  startup_lpc17xx.o(.text)
    QEI_IRQHandler                           0x0000010f   Thumb Code     0  startup_lpc17xx.o(.text)
    RIT_IRQHandler                           0x0000010f   Thumb Code     0  startup_lpc17xx.o(.text)
    RTC_IRQHandler                           0x0000010f   Thumb Code     0  startup_lpc17xx.o(.text)
    SPI_IRQHandler                           0x0000010f   Thumb Code     0  startup_lpc17xx.o(.text)
    SSP0_IRQHandler                          0x0000010f   Thumb Code     0  startup_lpc17xx.o(.text)
    SSP1_IRQHandler                          0x0000010f   Thumb Code     0  startup_lpc17xx.o(.text)
    TIMER0_IRQHandler                        0x0000010f   Thumb Code     0  startup_lpc17xx.o(.text)
    TIMER1_IRQHandler                        0x0000010f   Thumb Code     0  startup_lpc17xx.o(.text)
    TIMER2_IRQHandler                        0x0000010f   Thumb Code     0  startup_lpc17xx.o(.text)
    TIMER3_IRQHandler                        0x0000010f   Thumb Code     0  startup_lpc17xx.o(.text)
    UART0_IRQHandler                         0x0000010f   Thumb Code     0  startup_lpc17xx.o(.text)
    UART1_IRQHandler                         0x0000010f   Thumb Code     0  startup_lpc17xx.o(.text)
    UART2_IRQHandler                         0x0000010f   Thumb Code     0  startup_lpc17xx.o(.text)
    UART3_IRQHandler                         0x0000010f   Thumb Code     0  startup_lpc17xx.o(.text)
    USBActivity_IRQHandler                   0x0000010f   Thumb Code     0  startup_lpc17xx.o(.text)
    USB_IRQHandler                           0x0000010f   Thumb Code     0  startup_lpc17xx.o(.text)
    WDT_IRQHandler                           0x0000010f   Thumb Code     0  startup_lpc17xx.o(.text)
    __user_initial_stackheap                 0x00000111   Thumb Code     0  startup_lpc17xx.o(.text)



==============================================================================

Memory Map of the image

  Image Entry point : 0x000000cd

  Load Region LR_1 (Base: 0x00000000, Size: 0x00000300, Max: 0xffffffff, ABSOLUTE)

    Execution Region ER_RO (Base: 0x00000000, Size: 0x00000300, Max: 0xffffffff, ABSOLUTE)

    Base Addr    Size         Type   Attr      Idx    E Section Name        Object

    0x00000000   0x000000cc   Data   RO            3    RESET               startup_lpc17xx.o
    0x000000cc   0x00000068   Code   RO            6  * .text               startup_lpc17xx.o
    0x00000134   0x000001c8   PAD
    0x000002fc   0x00000004   Code   RO            4    .ARM.__at_0x02FC    startup_lpc17xx.o


    Execution Region ER_RW (Base: 0x10000000, Size: 0x00000000, Max: 0xffffffff, ABSOLUTE)

    **** No section assigned to this execution region ****


    Execution Region ER_ZI (Base: 0x10000000, Size: 0x00000218, Max: 0xffffffff, ABSOLUTE)

    Base Addr    Size         Type   Attr      Idx    E Section Name        Object

    0x10000000   0x00000000   Zero   RW            2    HEAP                startup_lpc17xx.o
    0x10000000   0x00000200   Zero   RW            1    STACK               startup_lpc17xx.o
    0x10000200   0x00000018   Zero   RW            5    myArea              startup_lpc17xx.o


==============================================================================

Image component sizes


      Code (inc. data)   RO Data    RW Data    ZI Data      Debug   Object Name

       108         30        204          0        536        900   startup_lpc17xx.o

    ----------------------------------------------------------------------
       564        486        204          0        536        900   Object Totals
         0          0          0          0          0          0   (incl. Generated)
       456        456          0          0          0          0   (incl. Padding)

    ----------------------------------------------------------------------
         0          0          0          0          0          0   Library Totals
         0          0          0          0          0          0   (incl. Padding)

    ----------------------------------------------------------------------

==============================================================================


      Code (inc. data)   RO Data    RW Data    ZI Data      Debug   

       564        486        204          0        536        900   Grand Totals
       564        486        204          0        536        900   ELF Image Totals
       564        486        204          0          0          0   ROM Totals

==============================================================================

    Total RO  Size (Code + RO Data)                  768 (   0.75kB)
    Total RW  Size (RW Data + ZI Data)               536 (   0.52kB)
    Total ROM Size (Code + RO Data + RW Data)        768 (   0.75kB)

==============================================================================

