<html>
<body>
<pre>
<h1>µVision Build Log</h1>
<h2>Project:</h2>
C:\Users\luigi\Desktop\Lab_ARM\LAB6\Ex.uvproj
Project File Date:  01/14/2019

<h2>Output:</h2>
Build target 'Target 1'
assembling startup_LPC17xx.s...
linking...
Program Size: Code=564 RO-data=204 RW-data=0 ZI-data=536  
".\Ex.axf" - 0 Error(s), 0 Warning(s).
</pre>
</body>
</html>
ister name symbol, expected Integer register
startup_LPC17xx.s(153): error: A1647E: Bad register name symbol, expected Integer register
startup_LPC17xx.s(155): error: A1647E: Bad register name symbol, expected Integer register
startup_LPC17xx.s(156): error: A1647E: Bad register name symbol, expected Integer register
startup_LPC17xx.s(158): error: A1647E: Bad register name symbol, expected Integer register
startup_LPC17xx.s(159): error: A1647E: Bad register name symbol, expected Integer register
startup_LPC17xx.s(161): error: A1647E: Bad register name symbol, expected Integer register
startup_LPC17xx.s(162): error: A1647E: Bad register name symbol, expected Integer register
startup_LPC17xx.s(163): error: A1647E: Bad register name symbol, expected Integer register
startup_LPC17xx.s(164): error: A1647E: Bad register name symbol, expected Integer register
startup_LPC17xx.s(165): error: A1647E: Bad register name symbol, expected Integer register
startup_LPC17xx.s(166): error: A1647E: Bad register name symbol, expected Integer register
startup_LPC17xx.s(168): error: A1647E: Bad register name symbol, expected Integer register
startup_LPC17xx.s(170): error: A1647E: Bad register name symbol, expected Integer register
startup_LPC17xx.s(171): error: A1647E: Bad register name symbol, expected Integer register
startup_LPC17xx.s(173): error: A1647E: Bad register name symbol, expected Integer register
startup_LPC17xx.s(174): error: A1647E: Bad register name symbol, expected Integer register
startup_LPC17xx.s(176): error: A1647E: Bad register name symbol, expected Integer register
startup_LPC17xx.s(177): error: A1647E: Bad register name symbol, expected Integer register
startup_LPC17xx.s(178): error: A1647E: Bad register name symbol, expected Integer register
startup_LPC17xx.s(179): error: A1647E: Bad register name symbol, expected Integer register
startup_LPC17xx.s(180): error: A1647E: Bad register name symbol, expected Integer register
startup_LPC17xx.s(181): error: A1647E: Bad register name symbol, expected Integer register
startup_LPC17xx.s(183): error: A1647E: Bad register name symbol, expected Integer register
startup_LPC17xx.s(185): error: A1647E: Bad register name symbol, expected Integer register
startup_LPC17xx.s(186): error: A1647E: Bad register name symbol, expected Integer register
startup_LPC17xx.s(188): error: A1647E: Bad register name symbol, expected Integer register
startup_LPC17xx.s(189): error: A1647E: Bad register name symbol, expected Integer register
startup_LPC17xx.s(191): error: A1647E: Bad register name symbol, expected Integer register
startup_LPC17xx.s(192): error: A1647E: Bad register name symbol, expected Integer register
startup_LPC17xx.s(193): error: A1647E: Bad register name symbol, expected Integer register
startup_LPC17xx.s(194): error: A1647E: Bad register name symbol, expected Integer register
startup_LPC17xx.s(195): error: A1647E: Bad register name symbol, expected Integer register
startup_LPC17xx.s(196): error: A1647E: Bad register name symbol, expected Integer register
startup_LPC17xx.s(198): error: A1647E: Bad register name symbol, expected Integer register
startup_LPC17xx.s(200): error: A1647E: Bad register name symbol, expected Integer register
startup_LPC17xx.s(201): error: A1647E: Bad register name symbol, expected Integer register
startup_LPC17xx.s(203): error: A1647E: Bad register name symbol, expected Integer register
startup_LPC17xx.s(204): error: A1647E: Bad register name symbol, expected Integer register
".\Ex.axf" - 40 Error(s), 0 Warning(s).
Target not created
