ARM Linker, 5.03 [Build 76] [MDK-ARM Lite]

==============================================================================

Section Cross References

    startup_lpc17xx.o(RESET) refers to startup_lpc17xx.o(STACK) for __initial_sp
    startup_lpc17xx.o(RESET) refers to startup_lpc17xx.o(.text) for Reset_Handler
    startup_lpc17xx.o(.text) refers to startup_lpc17xx.o(myVec) for myVec_p
    startup_lpc17xx.o(.text) refers to startup_lpc17xx.o(HEAP) for Heap_Mem
    startup_lpc17xx.o(.text) refers to startup_lpc17xx.o(STACK) for Stack_Mem


==============================================================================

Removing Unused input sections from the image.

    Removing startup_lpc17xx.o(myArea), (24 bytes).

1 unused section(s) (total 24 bytes) removed from the image.

==============================================================================

Image Symbol Table

    Local Symbols

    Symbol Name                              Value     Ov Type        Size  Object(Section)

    RESET                                    0x00000000   Section      204  startup_lpc17xx.o(RESET)
    startup_LPC17xx.s                        0x00000000   Number         0  startup_lpc17xx.o ABSOLUTE
    .ARM.__at_0x02FC                         0x000002fc   Section        4  startup_lpc17xx.o(.ARM.__at_0x02FC)
    .text                                    0x00000300   Section      784  startup_lpc17xx.o(.text)
    matrix                                   0x00000314   Data           9  startup_lpc17xx.o(.text)
    magicSquare                              0x000004b7   Thumb Code   284  startup_lpc17xx.o(.text)
    myVec                                    0x10000000   Section        9  startup_lpc17xx.o(myVec)
    myVec_p                                  0x10000009   Data           0  startup_lpc17xx.o(myVec)
    HEAP                                     0x10000010   Section        0  startup_lpc17xx.o(HEAP)
    STACK                                    0x10000010   Section      512  startup_lpc17xx.o(STACK)
    Heap_Mem                                 0x10000010   Data           0  startup_lpc17xx.o(HEAP)
    Stack_Mem                                0x10000010   Data         512  startup_lpc17xx.o(STACK)
    __initial_sp                             0x10000210   Data           0  startup_lpc17xx.o(STACK)

    Global Symbols

    Symbol Name                              Value     Ov Type        Size  Object(Section)

    BuildAttributes$$THM_ISAv4$P$D$K$B$S$PE$A:L22UL41UL21$X:L11$S22US41US21$IEEE1$IW$USESV6$~STKCKD$USESV7$~SHL$OSPACE$EBA8$STANDARDLIB$PRES8$EABIv2 0x00000000   Number         0  anon$$obj.o ABSOLUTE
    __Vectors                                0x00000000   Data           4  startup_lpc17xx.o(RESET)
    Reset_Handler                            0x00000301   Thumb Code    29  startup_lpc17xx.o(.text)
    NMI_Handler                              0x000005d3   Thumb Code     2  startup_lpc17xx.o(.text)
    HardFault_Handler                        0x000005d5   Thumb Code     2  startup_lpc17xx.o(.text)
    MemManage_Handler                        0x000005d7   Thumb Code     2  startup_lpc17xx.o(.text)
    BusFault_Handler                         0x000005d9   Thumb Code     2  startup_lpc17xx.o(.text)
    UsageFault_Handler                       0x000005db   Thumb Code     2  startup_lpc17xx.o(.text)
    SVC_Handler                              0x000005dd   Thumb Code     2  startup_lpc17xx.o(.text)
    DebugMon_Handler                         0x000005df   Thumb Code     2  startup_lpc17xx.o(.text)
    PendSV_Handler                           0x000005e1   Thumb Code     2  startup_lpc17xx.o(.text)
    SysTick_Handler                          0x000005e3   Thumb Code     2  startup_lpc17xx.o(.text)
    ADC_IRQHandler                           0x000005e5   Thumb Code     0  startup_lpc17xx.o(.text)
    BOD_IRQHandler                           0x000005e5   Thumb Code     0  startup_lpc17xx.o(.text)
    CANActivity_IRQHandler                   0x000005e5   Thumb Code     0  startup_lpc17xx.o(.text)
    CAN_IRQHandler                           0x000005e5   Thumb Code     0  startup_lpc17xx.o(.text)
    DMA_IRQHandler                           0x000005e5   Thumb Code     0  startup_lpc17xx.o(.text)
    EINT0_IRQHandler                         0x000005e5   Thumb Code     0  startup_lpc17xx.o(.text)
    EINT1_IRQHandler                         0x000005e5   Thumb Code     0  startup_lpc17xx.o(.text)
    EINT2_IRQHandler                         0x000005e5   Thumb Code     0  startup_lpc17xx.o(.text)
    EINT3_IRQHandler                         0x000005e5   Thumb Code     0  startup_lpc17xx.o(.text)
    ENET_IRQHandler                          0x000005e5   Thumb Code     0  startup_lpc17xx.o(.text)
    I2C0_IRQHandler                          0x000005e5   Thumb Code     0  startup_lpc17xx.o(.text)
    I2C1_IRQHandler                          0x000005e5   Thumb Code     0  startup_lpc17xx.o(.text)
    I2C2_IRQHandler                          0x000005e5   Thumb Code     0  startup_lpc17xx.o(.text)
    I2S_IRQHandler                           0x000005e5   Thumb Code     0  startup_lpc17xx.o(.text)
    MCPWM_IRQHandler                         0x000005e5   Thumb Code     0  startup_lpc17xx.o(.text)
    PLL0_IRQHandler                          0x000005e5   Thumb Code     0  startup_lpc17xx.o(.text)
    PLL1_IRQHandler                          0x000005e5   Thumb Code     0  startup_lpc17xx.o(.text)
    PWM1_IRQHandler                          0x000005e5   Thumb Code     0  startup_lpc17xx.o(.text)
    QEI_IRQHandler                           0x000005e5   Thumb Code     0  startup_lpc17xx.o(.text)
    RIT_IRQHandler                           0x000005e5   Thumb Code     0  startup_lpc17xx.o(.text)
    RTC_IRQHandler                           0x000005e5   Thumb Code     0  startup_lpc17xx.o(.text)
    SPI_IRQHandler                           0x000005e5   Thumb Code     0  startup_lpc17xx.o(.text)
    SSP0_IRQHandler                          0x000005e5   Thumb Code     0  startup_lpc17xx.o(.text)
    SSP1_IRQHandler                          0x000005e5   Thumb Code     0  startup_lpc17xx.o(.text)
    TIMER0_IRQHandler                        0x000005e5   Thumb Code     0  startup_lpc17xx.o(.text)
    TIMER1_IRQHandler                        0x000005e5   Thumb Code     0  startup_lpc17xx.o(.text)
    TIMER2_IRQHandler                        0x000005e5   Thumb Code     0  startup_lpc17xx.o(.text)
    TIMER3_IRQHandler                        0x000005e5   Thumb Code     0  startup_lpc17xx.o(.text)
    UART0_IRQHandler                         0x000005e5   Thumb Code     0  startup_lpc17xx.o(.text)
    UART1_IRQHandler                         0x000005e5   Thumb Code     0  startup_lpc17xx.o(.text)
    UART2_IRQHandler                         0x000005e5   Thumb Code     0  startup_lpc17xx.o(.text)
    UART3_IRQHandler                         0x000005e5   Thumb Code     0  startup_lpc17xx.o(.text)
    USBActivity_IRQHandler                   0x000005e5   Thumb Code     0  startup_lpc17xx.o(.text)
    USB_IRQHandler                           0x000005e5   Thumb Code     0  startup_lpc17xx.o(.text)
    WDT_IRQHandler                           0x000005e5   Thumb Code     0  startup_lpc17xx.o(.text)
    __user_initial_stackheap                 0x000005e9   Thumb Code     0  startup_lpc17xx.o(.text)



==============================================================================

Memory Map of the image

  Image Entry point : 0x00000301

  Load Region LR_1 (Base: 0x00000000, Size: 0x0000061c, Max: 0xffffffff, ABSOLUTE)

    Execution Region ER_RO (Base: 0x00000000, Size: 0x00000610, Max: 0xffffffff, ABSOLUTE)

    Base Addr    Size         Type   Attr      Idx    E Section Name        Object

    0x00000000   0x000000cc   Data   RO            3    RESET               startup_lpc17xx.o
    0x000000cc   0x00000230   PAD
    0x000002fc   0x00000004   Code   RO            4    .ARM.__at_0x02FC    startup_lpc17xx.o
    0x00000300   0x00000310   Code   RO            7  * .text               startup_lpc17xx.o


    Execution Region ER_RW (Base: 0x10000000, Size: 0x0000000c, Max: 0xffffffff, ABSOLUTE)

    Base Addr    Size         Type   Attr      Idx    E Section Name        Object

    0x10000000   0x00000009   Data   RW            6    myVec               startup_lpc17xx.o


    Execution Region ER_ZI (Base: 0x1000000c, Size: 0x00000204, Max: 0xffffffff, ABSOLUTE)

    Base Addr    Size         Type   Attr      Idx    E Section Name        Object

    0x1000000c   0x00000004   PAD
    0x10000010   0x00000000   Zero   RW            2    HEAP                startup_lpc17xx.o
    0x10000010   0x00000200   Zero   RW            1    STACK               startup_lpc17xx.o


==============================================================================

Image component sizes


      Code (inc. data)   RO Data    RW Data    ZI Data      Debug   Object Name

       788         46        204          9        512       1312   startup_lpc17xx.o

    ----------------------------------------------------------------------
       788         46        764         12        516       1312   Object Totals
         0          0          0          0          0          0   (incl. Generated)
         0          0        560          3          4          0   (incl. Padding)

    ----------------------------------------------------------------------
         0          0          0          0          0          0   Library Totals
         0          0          0          0          0          0   (incl. Padding)

    ----------------------------------------------------------------------

==============================================================================


      Code (inc. data)   RO Data    RW Data    ZI Data      Debug   

       788         46        764         12        516       1312   Grand Totals
       788         46        764         12        516       1312   ELF Image Totals
       788         46        764         12          0          0   ROM Totals

==============================================================================

    Total RO  Size (Code + RO Data)                 1552 (   1.52kB)
    Total RW  Size (RW Data + ZI Data)               528 (   0.52kB)
    Total ROM Size (Code + RO Data + RW Data)       1564 (   1.53kB)

==============================================================================

