ARM Linker, 5.03 [Build 76] [MDK-ARM Lite]

==============================================================================

Section Cross References

    startup_lpc17xx.o(RESET) refers to startup_lpc17xx.o(STACK) for __initial_sp
    startup_lpc17xx.o(RESET) refers to startup_lpc17xx.o(.text) for Reset_Handler
    startup_lpc17xx.o(.text) refers to startup_lpc17xx.o(myarea) for stack_one
    startup_lpc17xx.o(.text) refers to startup_lpc17xx.o(HEAP) for Heap_Mem
    startup_lpc17xx.o(.text) refers to startup_lpc17xx.o(STACK) for Stack_Mem


==============================================================================

Image Symbol Table

    Local Symbols

    Symbol Name                              Value     Ov Type        Size  Object(Section)

    RESET                                    0x00000000   Section      204  startup_lpc17xx.o(RESET)
    startup_LPC17xx.s                        0x00000000   Number         0  startup_lpc17xx.o ABSOLUTE
    .text                                    0x000000cc   Section      384  startup_lpc17xx.o(.text)
    seq                                      0x000000cc   Data          44  startup_lpc17xx.o(.text)
    fillStack                                0x00000137   Thumb Code    48  startup_lpc17xx.o(.text)
    move1                                    0x00000167   Thumb Code    44  startup_lpc17xx.o(.text)
    moveN                                    0x00000193   Thumb Code   126  startup_lpc17xx.o(.text)
    .ARM.__at_0x02FC                         0x000002fc   Section        4  startup_lpc17xx.o(.ARM.__at_0x02FC)
    myarea                                   0x10000000   Section      601  startup_lpc17xx.o(myarea)
    stack_one                                0x100000c8   Data         200  startup_lpc17xx.o(myarea)
    stack_two                                0x10000190   Data         200  startup_lpc17xx.o(myarea)
    stack_three                              0x10000258   Data           1  startup_lpc17xx.o(myarea)
    HEAP                                     0x10000260   Section        0  startup_lpc17xx.o(HEAP)
    STACK                                    0x10000260   Section      512  startup_lpc17xx.o(STACK)
    Heap_Mem                                 0x10000260   Data           0  startup_lpc17xx.o(HEAP)
    Stack_Mem                                0x10000260   Data         512  startup_lpc17xx.o(STACK)
    __initial_sp                             0x10000460   Data           0  startup_lpc17xx.o(STACK)

    Global Symbols

    Symbol Name                              Value     Ov Type        Size  Object(Section)

    BuildAttributes$$THM_ISAv4$P$D$K$B$S$PE$A:L22UL41UL21$X:L11$S22US41US21$IEEE1$IW$USESV6$~STKCKD$USESV7$~SHL$OSPACE$EBA8$STANDARDLIB$PRES8$EABIv2 0x00000000   Number         0  anon$$obj.o ABSOLUTE
    __Vectors                                0x00000000   Data           4  startup_lpc17xx.o(RESET)
    Reset_Handler                            0x000000f9   Thumb Code    62  startup_lpc17xx.o(.text)
    NMI_Handler                              0x00000211   Thumb Code     2  startup_lpc17xx.o(.text)
    HardFault_Handler                        0x00000213   Thumb Code     2  startup_lpc17xx.o(.text)
    MemManage_Handler                        0x00000215   Thumb Code     2  startup_lpc17xx.o(.text)
    BusFault_Handler                         0x00000217   Thumb Code     2  startup_lpc17xx.o(.text)
    UsageFault_Handler                       0x00000219   Thumb Code     2  startup_lpc17xx.o(.text)
    SVC_Handler                              0x0000021b   Thumb Code     2  startup_lpc17xx.o(.text)
    DebugMon_Handler                         0x0000021d   Thumb Code     2  startup_lpc17xx.o(.text)
    PendSV_Handler                           0x0000021f   Thumb Code     2  startup_lpc17xx.o(.text)
    SysTick_Handler                          0x00000221   Thumb Code     2  startup_lpc17xx.o(.text)
    ADC_IRQHandler                           0x00000223   Thumb Code     0  startup_lpc17xx.o(.text)
    BOD_IRQHandler                           0x00000223   Thumb Code     0  startup_lpc17xx.o(.text)
    CANActivity_IRQHandler                   0x00000223   Thumb Code     0  startup_lpc17xx.o(.text)
    CAN_IRQHandler                           0x00000223   Thumb Code     0  startup_lpc17xx.o(.text)
    DMA_IRQHandler                           0x00000223   Thumb Code     0  startup_lpc17xx.o(.text)
    EINT0_IRQHandler                         0x00000223   Thumb Code     0  startup_lpc17xx.o(.text)
    EINT1_IRQHandler                         0x00000223   Thumb Code     0  startup_lpc17xx.o(.text)
    EINT2_IRQHandler                         0x00000223   Thumb Code     0  startup_lpc17xx.o(.text)
    EINT3_IRQHandler                         0x00000223   Thumb Code     0  startup_lpc17xx.o(.text)
    ENET_IRQHandler                          0x00000223   Thumb Code     0  startup_lpc17xx.o(.text)
    I2C0_IRQHandler                          0x00000223   Thumb Code     0  startup_lpc17xx.o(.text)
    I2C1_IRQHandler                          0x00000223   Thumb Code     0  startup_lpc17xx.o(.text)
    I2C2_IRQHandler                          0x00000223   Thumb Code     0  startup_lpc17xx.o(.text)
    I2S_IRQHandler                           0x00000223   Thumb Code     0  startup_lpc17xx.o(.text)
    MCPWM_IRQHandler                         0x00000223   Thumb Code     0  startup_lpc17xx.o(.text)
    PLL0_IRQHandler                          0x00000223   Thumb Code     0  startup_lpc17xx.o(.text)
    PLL1_IRQHandler                          0x00000223   Thumb Code     0  startup_lpc17xx.o(.text)
    PWM1_IRQHandler                          0x00000223   Thumb Code     0  startup_lpc17xx.o(.text)
    QEI_IRQHandler                           0x00000223   Thumb Code     0  startup_lpc17xx.o(.text)
    RIT_IRQHandler                           0x00000223   Thumb Code     0  startup_lpc17xx.o(.text)
    RTC_IRQHandler                           0x00000223   Thumb Code     0  startup_lpc17xx.o(.text)
    SPI_IRQHandler                           0x00000223   Thumb Code     0  startup_lpc17xx.o(.text)
    SSP0_IRQHandler                          0x00000223   Thumb Code     0  startup_lpc17xx.o(.text)
    SSP1_IRQHandler                          0x00000223   Thumb Code     0  startup_lpc17xx.o(.text)
    TIMER0_IRQHandler                        0x00000223   Thumb Code     0  startup_lpc17xx.o(.text)
    TIMER1_IRQHandler                        0x00000223   Thumb Code     0  startup_lpc17xx.o(.text)
    TIMER2_IRQHandler                        0x00000223   Thumb Code     0  startup_lpc17xx.o(.text)
    TIMER3_IRQHandler                        0x00000223   Thumb Code     0  startup_lpc17xx.o(.text)
    UART0_IRQHandler                         0x00000223   Thumb Code     0  startup_lpc17xx.o(.text)
    UART1_IRQHandler                         0x00000223   Thumb Code     0  startup_lpc17xx.o(.text)
    UART2_IRQHandler                         0x00000223   Thumb Code     0  startup_lpc17xx.o(.text)
    UART3_IRQHandler                         0x00000223   Thumb Code     0  startup_lpc17xx.o(.text)
    USBActivity_IRQHandler                   0x00000223   Thumb Code     0  startup_lpc17xx.o(.text)
    USB_IRQHandler                           0x00000223   Thumb Code     0  startup_lpc17xx.o(.text)
    WDT_IRQHandler                           0x00000223   Thumb Code     0  startup_lpc17xx.o(.text)
    __user_initial_stackheap                 0x00000225   Thumb Code     0  startup_lpc17xx.o(.text)



==============================================================================

Memory Map of the image

  Image Entry point : 0x000000f9

  Load Region LR_1 (Base: 0x00000000, Size: 0x0000055c, Max: 0xffffffff, ABSOLUTE)

    Execution Region ER_RO (Base: 0x00000000, Size: 0x00000300, Max: 0xffffffff, ABSOLUTE)

    Base Addr    Size         Type   Attr      Idx    E Section Name        Object

    0x00000000   0x000000cc   Data   RO            3    RESET               startup_lpc17xx.o
    0x000000cc   0x00000180   Code   RO            6  * .text               startup_lpc17xx.o
    0x0000024c   0x000000b0   PAD
    0x000002fc   0x00000004   Code   RO            4    .ARM.__at_0x02FC    startup_lpc17xx.o


    Execution Region ER_RW (Base: 0x10000000, Size: 0x0000025c, Max: 0xffffffff, ABSOLUTE)

    Base Addr    Size         Type   Attr      Idx    E Section Name        Object

    0x10000000   0x00000259   Data   RW            5    myarea              startup_lpc17xx.o


    Execution Region ER_ZI (Base: 0x1000025c, Size: 0x00000204, Max: 0xffffffff, ABSOLUTE)

    Base Addr    Size         Type   Attr      Idx    E Section Name        Object

    0x1000025c   0x00000004   PAD
    0x10000260   0x00000000   Zero   RW            2    HEAP                startup_lpc17xx.o
    0x10000260   0x00000200   Zero   RW            1    STACK               startup_lpc17xx.o


==============================================================================

Image component sizes


      Code (inc. data)   RO Data    RW Data    ZI Data      Debug   Object Name

       388         78        204        601        512       1092   startup_lpc17xx.o

    ----------------------------------------------------------------------
       564        254        204        604        516       1092   Object Totals
         0          0          0          0          0          0   (incl. Generated)
       176        176          0          3          4          0   (incl. Padding)

    ----------------------------------------------------------------------
         0          0          0          0          0          0   Library Totals
         0          0          0          0          0          0   (incl. Padding)

    ----------------------------------------------------------------------

==============================================================================


      Code (inc. data)   RO Data    RW Data    ZI Data      Debug   

       564        254        204        604        516       1092   Grand Totals
       564        254        204        604        516       1092   ELF Image Totals
       564        254        204        604          0          0   ROM Totals

==============================================================================

    Total RO  Size (Code + RO Data)                  768 (   0.75kB)
    Total RW  Size (RW Data + ZI Data)              1120 (   1.09kB)
    Total ROM Size (Code + RO Data + RW Data)       1372 (   1.34kB)

==============================================================================

